{"__type":"$$EventMessageAudit","id":"ebb10a42-b065-4001-8dc8-f40368f5af0a","ts":"2026-05-30T14:02:21.964+00:00","eventName":"n8n.audit.user.login.success","message":"n8n.audit.user.login.success","payload":{"userId":"1bb988c8-0a01-461f-beb7-4399736db718","_email":"enrique.molinari@gmail.com","_firstName":"Enrique","_lastName":"Molinari","globalRole":"global:owner","authenticationMethod":"email"}}
{"__type":"$$EventMessageConfirm","confirm":"ebb10a42-b065-4001-8dc8-f40368f5af0a","ts":"2026-05-30T14:02:21.964+00:00","source":{"id":"0","name":"eventBus"}}
{"__type":"$$EventMessageAudit","id":"d91b9558-8b58-4238-8b5f-c7126e298ea9","ts":"2026-05-30T14:02:45.842+00:00","eventName":"n8n.audit.workflow.updated","message":"n8n.audit.workflow.updated","payload":{"userId":"1bb988c8-0a01-461f-beb7-4399736db718","_email":"enrique.molinari@gmail.com","_firstName":"Enrique","_lastName":"Molinari","globalRole":"global:owner","workflowId":"nNHI0GdZ32hPEBmY","workflowName":"demo_frameworks","settingsChanged":{"binaryMode":{"from":null,"to":"separate"}}}}
{"__type":"$$EventMessageConfirm","confirm":"d91b9558-8b58-4238-8b5f-c7126e298ea9","ts":"2026-05-30T14:02:45.842+00:00","source":{"id":"0","name":"eventBus"}}
{"__type":"$$EventMessageAudit","id":"70a6ceae-00aa-4570-a8cb-be211796e47b","ts":"2026-05-30T14:09:43.026+00:00","eventName":"n8n.audit.user.credentials.updated","message":"n8n.audit.user.credentials.updated","payload":{"userId":"1bb988c8-0a01-461f-beb7-4399736db718","_email":"enrique.molinari@gmail.com","_firstName":"Enrique","_lastName":"Molinari","globalRole":"global:owner","credentialType":"smtp","credentialId":"Nub2yLUCpUjEZqN7","isDynamic":false,"usesExternalSecrets":false}}
{"__type":"$$EventMessageConfirm","confirm":"70a6ceae-00aa-4570-a8cb-be211796e47b","ts":"2026-05-30T14:09:43.026+00:00","source":{"id":"0","name":"eventBus"}}
{"__type":"$$EventMessageAudit","id":"02b5c538-37b1-48ed-a44b-af53257e7978","ts":"2026-05-30T14:09:59.117+00:00","eventName":"n8n.audit.workflow.executed","message":"n8n.audit.workflow.executed","payload":{"userId":"1bb988c8-0a01-461f-beb7-4399736db718","_email":"enrique.molinari@gmail.com","_firstName":"Enrique","_lastName":"Molinari","globalRole":"global:owner","workflowId":"nNHI0GdZ32hPEBmY","workflowName":"demo_frameworks","executionId":"7","source":"user-manual"}}
{"__type":"$$EventMessageConfirm","confirm":"02b5c538-37b1-48ed-a44b-af53257e7978","ts":"2026-05-30T14:09:59.117+00:00","source":{"id":"0","name":"eventBus"}}
{"__type":"$$EventMessageWorkflow","id":"72d17009-9625-434b-9367-3c236a51bd9d","ts":"2026-05-30T14:09:59.118+00:00","eventName":"n8n.workflow.started","message":"n8n.workflow.started","payload":{"executionId":"7","workflowId":"nNHI0GdZ32hPEBmY","isManual":false,"mode":"manual","workflowName":"demo_frameworks","projectId":"PvcNTIJAao7Oy2Q1","projectName":"Enrique Molinari <enrique.molinari@gmail.com>"}}
{"__type":"$$EventMessageConfirm","confirm":"72d17009-9625-434b-9367-3c236a51bd9d","ts":"2026-05-30T14:09:59.118+00:00","source":{"id":"0","name":"eventBus"}}
{"__type":"$$EventMessageNode","id":"85d06c43-55a9-434f-bac1-7d922e4d2c5d","ts":"2026-05-30T14:09:59.123+00:00","eventName":"n8n.node.started","message":"n8n.node.started","payload":{"workflowId":"nNHI0GdZ32hPEBmY","workflowName":"demo_frameworks","executionId":"7","nodeType":"n8n-nodes-base.manualTrigger","nodeName":"When clicking ‘Test workflow’","nodeId":"bae5d1f1-f8a1-4a21-a3de-08e2cd6cef33"}}
{"__type":"$$EventMessageConfirm","confirm":"85d06c43-55a9-434f-bac1-7d922e4d2c5d","ts":"2026-05-30T14:09:59.123+00:00","source":{"id":"0","name":"eventBus"}}
{"__type":"$$EventMessageNode","id":"1236c231-7d72-4f55-8279-191676a8b20a","ts":"2026-05-30T14:09:59.125+00:00","eventName":"n8n.node.finished","message":"n8n.node.finished","payload":{"workflowId":"nNHI0GdZ32hPEBmY","workflowName":"demo_frameworks","executionId":"7","nodeType":"n8n-nodes-base.manualTrigger","nodeName":"When clicking ‘Test workflow’","nodeId":"bae5d1f1-f8a1-4a21-a3de-08e2cd6cef33"}}
{"__type":"$$EventMessageConfirm","confirm":"1236c231-7d72-4f55-8279-191676a8b20a","ts":"2026-05-30T14:09:59.125+00:00","source":{"id":"0","name":"eventBus"}}
{"__type":"$$EventMessageNode","id":"e6f612f9-5017-417f-9f33-f67634fa10d8","ts":"2026-05-30T14:09:59.126+00:00","eventName":"n8n.node.started","message":"n8n.node.started","payload":{"workflowId":"nNHI0GdZ32hPEBmY","workflowName":"demo_frameworks","executionId":"7","nodeType":"n8n-nodes-base.httpRequest","nodeName":"HTTP Request","nodeId":"cc034297-c0a6-4e4a-a2fe-833c32390354"}}
{"__type":"$$EventMessageConfirm","confirm":"e6f612f9-5017-417f-9f33-f67634fa10d8","ts":"2026-05-30T14:09:59.126+00:00","source":{"id":"0","name":"eventBus"}}
{"__type":"$$EventMessageNode","id":"d17645e2-c7a1-4a46-b8c6-4080fb2695d7","ts":"2026-05-30T14:09:59.585+00:00","eventName":"n8n.node.finished","message":"n8n.node.finished","payload":{"workflowId":"nNHI0GdZ32hPEBmY","workflowName":"demo_frameworks","executionId":"7","nodeType":"n8n-nodes-base.httpRequest","nodeName":"HTTP Request","nodeId":"cc034297-c0a6-4e4a-a2fe-833c32390354"}}
{"__type":"$$EventMessageConfirm","confirm":"d17645e2-c7a1-4a46-b8c6-4080fb2695d7","ts":"2026-05-30T14:09:59.585+00:00","source":{"id":"0","name":"eventBus"}}
{"__type":"$$EventMessageNode","id":"f29f8b5b-f4e0-455d-ba26-9e788676dc63","ts":"2026-05-30T14:09:59.586+00:00","eventName":"n8n.node.started","message":"n8n.node.started","payload":{"workflowId":"nNHI0GdZ32hPEBmY","workflowName":"demo_frameworks","executionId":"7","nodeType":"n8n-nodes-base.code","nodeName":"Code","nodeId":"5f9f7531-6a1f-4b8f-954c-bf7f772637c0"}}
{"__type":"$$EventMessageConfirm","confirm":"f29f8b5b-f4e0-455d-ba26-9e788676dc63","ts":"2026-05-30T14:09:59.586+00:00","source":{"id":"0","name":"eventBus"}}
{"__type":"$$EventMessageRunner","id":"26198f5d-d595-4259-8767-ae139d1a13c6","ts":"2026-05-30T14:09:59.588+00:00","eventName":"n8n.runner.task.requested","message":"n8n.runner.task.requested","payload":{"taskId":"rDgEjlLb","nodeId":"5f9f7531-6a1f-4b8f-954c-bf7f772637c0","workflowId":"nNHI0GdZ32hPEBmY","executionId":"7"}}
{"__type":"$$EventMessageConfirm","confirm":"26198f5d-d595-4259-8767-ae139d1a13c6","ts":"2026-05-30T14:09:59.588+00:00","source":{"id":"0","name":"eventBus"}}
{"__type":"$$EventMessageRunner","id":"6c3984ff-e72f-4911-8b84-8110de9d6e20","ts":"2026-05-30T14:09:59.619+00:00","eventName":"n8n.runner.response.received","message":"n8n.runner.response.received","payload":{"taskId":"rDgEjlLb","nodeId":"5f9f7531-6a1f-4b8f-954c-bf7f772637c0","workflowId":"nNHI0GdZ32hPEBmY","executionId":"7"}}
{"__type":"$$EventMessageConfirm","confirm":"6c3984ff-e72f-4911-8b84-8110de9d6e20","ts":"2026-05-30T14:09:59.619+00:00","source":{"id":"0","name":"eventBus"}}
{"__type":"$$EventMessageNode","id":"392f2a94-93ba-4921-b995-c53ba34fe19e","ts":"2026-05-30T14:09:59.619+00:00","eventName":"n8n.node.finished","message":"n8n.node.finished","payload":{"workflowId":"nNHI0GdZ32hPEBmY","workflowName":"demo_frameworks","executionId":"7","nodeType":"n8n-nodes-base.code","nodeName":"Code","nodeId":"5f9f7531-6a1f-4b8f-954c-bf7f772637c0"}}
{"__type":"$$EventMessageConfirm","confirm":"392f2a94-93ba-4921-b995-c53ba34fe19e","ts":"2026-05-30T14:09:59.619+00:00","source":{"id":"0","name":"eventBus"}}
{"__type":"$$EventMessageNode","id":"c1571fe0-46e3-4bc6-8532-26d9a2731dac","ts":"2026-05-30T14:09:59.620+00:00","eventName":"n8n.node.started","message":"n8n.node.started","payload":{"workflowId":"nNHI0GdZ32hPEBmY","workflowName":"demo_frameworks","executionId":"7","nodeType":"n8n-nodes-base.emailSend","nodeName":"Send Email","nodeId":"3205dca0-94db-4b83-b198-6bd27cd4c687"}}
{"__type":"$$EventMessageConfirm","confirm":"c1571fe0-46e3-4bc6-8532-26d9a2731dac","ts":"2026-05-30T14:09:59.620+00:00","source":{"id":"0","name":"eventBus"}}
{"__type":"$$EventMessageNode","id":"76aa9dc3-f8b4-4fd3-8a70-ffb0a8db13ea","ts":"2026-05-30T10:10:02.089-04:00","eventName":"n8n.node.finished","message":"n8n.node.finished","payload":{"workflowId":"nNHI0GdZ32hPEBmY","workflowName":"demo_frameworks","executionId":"7","nodeType":"n8n-nodes-base.emailSend","nodeName":"Send Email","nodeId":"3205dca0-94db-4b83-b198-6bd27cd4c687"}}
{"__type":"$$EventMessageConfirm","confirm":"76aa9dc3-f8b4-4fd3-8a70-ffb0a8db13ea","ts":"2026-05-30T10:10:02.089-04:00","source":{"id":"0","name":"eventBus"}}
{"__type":"$$EventMessageWorkflow","id":"bba30f32-b367-41ec-b4d7-3892bcc18690","ts":"2026-05-30T10:10:02.094-04:00","eventName":"n8n.workflow.success","message":"n8n.workflow.success","payload":{"userId":"1bb988c8-0a01-461f-beb7-4399736db718","executionId":"7","success":true,"isManual":true,"mode":"manual","workflowId":"nNHI0GdZ32hPEBmY","workflowName":"demo_frameworks","projectId":"PvcNTIJAao7Oy2Q1","projectName":"Enrique Molinari <enrique.molinari@gmail.com>"}}
{"__type":"$$EventMessageConfirm","confirm":"bba30f32-b367-41ec-b4d7-3892bcc18690","ts":"2026-05-30T10:10:02.094-04:00","source":{"id":"0","name":"eventBus"}}
